## trelis
## Trelis Version 15.2.2
## Trelis Build 592e8bb
## Revised Thu Feb 11 15:48:21 2016 -0700
## Running 09/02/2019 02:08:56 
## Command Options:
undo on
set hdf5_cub_file on
create surface rectangle width 100 zplane
surface 1 size 10
set duplicate block elements off
block 1 add surface 1
set duplicate block elements off
block 2 add surface 1
surface 1 size auto factor 5
surface 1 size auto factor 5
mesh surface 1
set duplicate block elements off
block 2 add surface 1
set duplicate block elements off
block 2 add surface 1
block 1 element type SHELL9
reset
create surface rectangle width 2 height 1 zplane
surface 1 size 0.1
surface 1 size 0.1
mesh surface 1
set duplicate block elements off
set duplicate block elements off
block 1 add surface 1
block 1 element type SHELL9
reset
create surface rectangle width 2 height 1 zplane
surface 1 size auto factor 5
surface 1 size auto factor 5
mesh surface 1
set duplicate block elements off
set duplicate block elements off
block 1 add surface 1
block 1 element type QUAD
set hdf5_cub_file on
reset
reset
create surface rectangle width 1.6 height 0.8 zplane
surface 1 size 0.2
mesh surface 1
block 1 add face all
block 1 element type SHELL9
nodeset 1 add node all in curve all
create force on node 45 force value 1 direction nz
