#!python
cubit.cmd('set node constraint on')
cubit.cmd('set hdf5_cub_file on')
cubit.cmd('create surface rectangle width 100 zplane ')
cubit.cmd('surface 1  size 10')
cubit.cmd('set duplicate block elements off')
cubit.cmd('block 1 add surface 1  ')
cubit.cmd('set duplicate block elements off')
cubit.cmd('block 2 add surface 1  ')
cubit.cmd('surface 1  size auto factor 5')
cubit.cmd('surface 1  size auto factor 5')
cubit.cmd('mesh surface 1 ')
cubit.cmd('set duplicate block elements off')
cubit.cmd('block 2 add surface 1  ')
cubit.cmd('set duplicate block elements off')
cubit.cmd('block 2 add surface 1  ')
cubit.cmd('block 1  element type shell9')
cubit.cmd('reset')
cubit.cmd('create surface rectangle width 2 height 1 zplane ')
cubit.cmd('surface 1  size 0.1')
cubit.cmd('surface 1  size 0.1')
cubit.cmd('mesh surface 1 ')
cubit.cmd('block  element type shell9')
cubit.cmd('block 1 element type shell9')
cubit.cmd('set duplicate block elements off')
cubit.cmd('block 1 add surface  ')
cubit.cmd('set duplicate block elements off')
cubit.cmd('block 1 add surface 1 ')
cubit.cmd('block 1 element type shell9')
cubit.cmd('reset')
cubit.cmd('create surface rectangle width 2 height 1 zplane ')
cubit.cmd('surface 1  size auto factor 5')
cubit.cmd('surface 1  size auto factor 5')
cubit.cmd('mesh surface 1 ')
cubit.cmd('set duplicate block elements off')
cubit.cmd('block 1 add surface  ')
cubit.cmd('set duplicate block elements off')
cubit.cmd('block 1 add surface 1  ')
cubit.cmd('block  element type quad')
cubit.cmd('block 1  element type quad')
cubit.cmd('set hdf5_cub_file on')
cubit.cmd('reset')
cubit.cmd('reset')
cubit.cmd('create surface rectangle width 1.6 height 0.8 zplane')
cubit.cmd('surface 1 size 0.2')
cubit.cmd('mesh surface 1')
cubit.cmd('block 1 add face all')
cubit.cmd('block 1  element type shell9')
cubit.cmd('nodeset 1 add node al in curve all')
cubit.cmd('create force on node 45 force value 1 direction nz')
